Microchip MPLAB XC8 Compiler V1.45 ()

Linker command line:

-W-3 --edf=C:\Program Files (x86)\Microchip\xc8\v1.45\dat\en_msgs.txt -cs \
  -h+dist/default/production\PicRobot.X.production.sym \
  --cmf=dist/default/production\PicRobot.X.production.cmf -z -Q18F4550 \
  -oC:\Users\Murtuza\AppData\Local\Temp\sf44.2 \
  -Mdist/default/production/PicRobot.X.production.map -E1 -ver=XC8 \
  -ASTACK=0CAh-07ffh -pstack=STACK -ACODE=00h-07FFFh -ACONST=00h-07FFFh \
  -ASMALLCONST=0800h-08FFhx120 -AMEDIUMCONST=0800h-07FFFh -ACOMRAM=01h-05Fh \
  -AABS1=00h-07FFh -ABIGRAM=01h-07FFh -ARAM=060h-0FFh,0100h-01FFhx7 \
  -ABANK0=060h-0FFh -ABANK1=0100h-01FFh -ABANK2=0200h-02FFh \
  -ABANK3=0300h-03FFh -ABANK4=0400h-04FFh -ABANK5=0500h-05FFh \
  -ABANK6=0600h-06FFh -ABANK7=0700h-07FFh -ASFR=0F60h-0FFFh \
  -preset_vec=00h,intcode=08h,intcodelo=018h,powerup,init -pramtop=0800h \
  -psmallconst=SMALLCONST -pmediumconst=MEDIUMCONST -pconst=CONST \
  -AFARRAM=00h-00h -ACONFIG=0300000h-030000Dh -pconfig=CONFIG \
  -AIDLOC=0200000h-0200007h -pidloc=IDLOC -AEEDATA=0F00000h-0F000FFh \
  -peeprom_data=EEDATA \
  -prdata=COMRAM,nvrram=COMRAM,nvbit=COMRAM,rbss=COMRAM,rbit=COMRAM \
  -pfarbss=FARRAM,fardata=FARRAM,nvFARRAM=FARRAM \
  -pintsave_regs=BIGRAM,bigbss=BIGRAM,bigdata=BIGRAM -pbss=RAM \
  -pidata=CODE,irdata=CODE,ibigdata=CODE,ifardata=CODE -prparam=COMRAM \
  C:\Users\Murtuza\AppData\Local\Temp\sf44.obj \
  dist/default/production\PicRobot.X.production.obj 

Object code version is 3.11

Machine type is 18F4550

Call graph: (short form)




                Name                               Link     Load   Length Selector   Space Scale
C:\Users\Murtuza\AppData\Local\Temp\sf44.obj
                init                                 C6       C6        4        C       0
                reset_vec                             0        0        4        0       0
                idloc                            200000   200000        8   200000       0
                config                           300000   300000        E   300000       0
dist/default/production\PicRobot.X.production.obj
                intcodelo                            18       18       AE        C       0
                intcode                               8        8        6        4       0
                temp                                 41       41        1        1       1
                smallconst                          800      800       1A      400       0
                text78                             149E     149E        4      40D       0
                text77                             147C     147C        6      40D       0
                text76                             1446     1446        A      40D       0
                text75                             1476     1476        6      40D       0
                text74                             149A     149A        4      40D       0
                text73                             1470     1470        6      40D       0
                text72                             11D0     11D0       20      40D       0
                text71                             1418     1418        E      40D       0
                text70                             116C     116C       24      40D       0
                text69                             1496     1496        4      40D       0
                text68                             143C     143C        A      40D       0
                text67                             1492     1492        4      40D       0
                text66                             148E     148E        4      40D       0
                text65                              BC0      BC0       98      40D       0
                text64                             140A     140A        E      40D       0
                text63                             148A     148A        4      40D       0
                intcode_body                        81A      81A       EA      40D       0
                text60                             1486     1486        4      40D       0
                text59                             146A     146A        6      40D       0
                text58                             1482     1482        4      40D       0
                text57                             1432     1432        A      40D       0
                text56                              CC4      CC4       68      40D       0
                text55                             1426     1426        C      40D       0
                text54                             1120     1120       28      40D       0
                text53                             10EA     10EA       36      40D       0
                text52                             12E2     12E2       16      40D       0
                text51                             1464     1464        6      40D       0
                text50                             1450     1450        8      40D       0
                text49                             145E     145E        6      40D       0
                text48                              F18      F18       4C      40D       0
                text47                             13FC     13FC        E      40D       0
                text46                             1458     1458        6      40D       0
                text45                              C58      C58       6C      40D       0
                text44                             11B0     11B0       20      40D       0
                text43                             13EE     13EE        E      40D       0
                text42                             13E0     13E0        E      40D       0
                text41                             13D2     13D2        E      40D       0
                text40                             1030     1030       44      40D       0
                text39                             13C4     13C4        E      40D       0
                text38                             13B6     13B6        E      40D       0
                text37                              FEC      FEC       44      40D       0
                text36                             13A8     13A8        E      40D       0
                text35                             139A     139A        E      40D       0
                text34                              FA8      FA8       44      40D       0
                text33                             138C     138C        E      40D       0
                text32                             137E     137E        E      40D       0
                text31                              F64      F64       44      40D       0
                text30                             12C8     12C8       1A      40D       0
                text29                              ECC      ECC       4C      40D       0
                text28                             1244     1244       1C      40D       0
                text27                             1148     1148       24      40D       0
                text26                             136E     136E       10      40D       0
                text25                              D88      D88       54      40D       0
                text24                              D2C      D2C       5C      40D       0
                text23                              B28      B28       98      40D       0
                text22                             135E     135E       10      40D       0
                text21                             131C     131C       12      40D       0
                text20                             14A2     14A2        2      40D       0
                text19                             134E     134E       10      40D       0
                text18                              E7C      E7C       50      40D       0
                text17                             1228     1228       1C      40D       0
                text16                             1074     1074       3E      40D       0
                text15                             12AE     12AE       1A      40D       0
                text14                             1294     1294       1A      40D       0
                text13                             127A     127A       1A      40D       0
                text12                             1260     1260       1A      40D       0
                text11                             133E     133E       10      40D       0
                text10                             132E     132E       10      40D       0
                text9                              120C     120C       1C      40D       0
                text8                              11F0     11F0       1C      40D       0
                text7                              130A     130A       12      40D       0
                text6                               904      904       D0      40D       0
                text5                               9D4      9D4       BA      40D       0
                text4                               E2C      E2C       50      40D       0
                text3                              1190     1190       20      40D       0
                text2                               A8E      A8E       9A      40D       0
                text1                              12F8     12F8       12      40D       0
                text0                               DDC      DDC       50      40D       0
                cstackCOMRAM                          1        1       2B        1       1
                cstackBANK0                          AC       AC       1D       60       1
                dataBANK0                            C9       C9        1       60       1
                bssBANK0                             60       60       4C       60       1
                bssCOMRAM                            2C       2C       15        1       1
                cinit                              10B2     10B2       38      40D       0
                idataBANK0                         14A4     14A4        1      40D       0

TOTAL           Name                               Link     Load   Length     Space
        CLASS   STACK          

        CLASS   CODE           
                intcodelo                            18       18       AE         0
                intcode                               8        8        6         0
                init                                 C6       C6        4         0
                reset_vec                             0        0        4         0
                text78                             149E     149E        4         0
                text77                             147C     147C        6         0
                text76                             1446     1446        A         0
                text75                             1476     1476        6         0
                text74                             149A     149A        4         0
                text73                             1470     1470        6         0
                text72                             11D0     11D0       20         0
                text71                             1418     1418        E         0
                text70                             116C     116C       24         0
                text69                             1496     1496        4         0
                text68                             143C     143C        A         0
                text67                             1492     1492        4         0
                text66                             148E     148E        4         0
                text65                              BC0      BC0       98         0
                text64                             140A     140A        E         0
                text63                             148A     148A        4         0
                intcode_body                        81A      81A       EA         0
                text60                             1486     1486        4         0
                text59                             146A     146A        6         0
                text58                             1482     1482        4         0
                text57                             1432     1432        A         0
                text56                              CC4      CC4       68         0
                text55                             1426     1426        C         0
                text54                             1120     1120       28         0
                text53                             10EA     10EA       36         0
                text52                             12E2     12E2       16         0
                text51                             1464     1464        6         0
                text50                             1450     1450        8         0
                text49                             145E     145E        6         0
                text48                              F18      F18       4C         0
                text47                             13FC     13FC        E         0
                text46                             1458     1458        6         0
                text45                              C58      C58       6C         0
                text44                             11B0     11B0       20         0
                text43                             13EE     13EE        E         0
                text42                             13E0     13E0        E         0
                text41                             13D2     13D2        E         0
                text40                             1030     1030       44         0
                text39                             13C4     13C4        E         0
                text38                             13B6     13B6        E         0
                text37                              FEC      FEC       44         0
                text36                             13A8     13A8        E         0
                text35                             139A     139A        E         0
                text34                              FA8      FA8       44         0
                text33                             138C     138C        E         0
                text32                             137E     137E        E         0
                text31                              F64      F64       44         0
                text30                             12C8     12C8       1A         0
                text29                              ECC      ECC       4C         0
                text28                             1244     1244       1C         0
                text27                             1148     1148       24         0
                text26                             136E     136E       10         0
                text25                              D88      D88       54         0
                text24                              D2C      D2C       5C         0
                text23                              B28      B28       98         0
                text22                             135E     135E       10         0
                text21                             131C     131C       12         0
                text20                             14A2     14A2        2         0
                text19                             134E     134E       10         0
                text18                              E7C      E7C       50         0
                text17                             1228     1228       1C         0
                text16                             1074     1074       3E         0
                text15                             12AE     12AE       1A         0
                text14                             1294     1294       1A         0
                text13                             127A     127A       1A         0
                text12                             1260     1260       1A         0
                text11                             133E     133E       10         0
                text10                             132E     132E       10         0
                text9                              120C     120C       1C         0
                text8                              11F0     11F0       1C         0
                text7                              130A     130A       12         0
                text6                               904      904       D0         0
                text5                               9D4      9D4       BA         0
                text4                               E2C      E2C       50         0
                text3                              1190     1190       20         0
                text2                               A8E      A8E       9A         0
                text1                              12F8     12F8       12         0
                text0                               DDC      DDC       50         0
                cinit                              10B2     10B2       38         0
                idataBANK0                         14A4     14A4        1         0

        CLASS   CONST          

        CLASS   SMALLCONST     
                smallconst                          800      800       1A         0

        CLASS   MEDIUMCONST    

        CLASS   COMRAM         
                temp                                 41       41        1         1
                cstackCOMRAM                          1        1       2B         1
                bssCOMRAM                            2C       2C       15         1

        CLASS   ABS1           

        CLASS   BIGRAM         

        CLASS   RAM            

        CLASS   BANK0          
                cstackBANK0                          AC       AC       1D         1
                dataBANK0                            C9       C9        1         1
                bssBANK0                             60       60       4C         1

        CLASS   BANK1          

        CLASS   BANK2          

        CLASS   BANK3          

        CLASS   BANK4          

        CLASS   BANK5          

        CLASS   BANK6          

        CLASS   BANK7          

        CLASS   SFR            

        CLASS   FARRAM         

        CLASS   CONFIG         
                config                           300000   300000        E         0

        CLASS   IDLOC          
                idloc                            200000   200000        8         0

        CLASS   EEDATA         



SEGMENTS        Name                           Load    Length   Top    Selector   Space  Class

                reset_vec                      000000  000004  000004         0       0  CODE    
                cstackCOMRAM                   000001  000041  000042         1       1  COMRAM  
                intcode                        000008  000006  00000E         4       0  CODE    
                intcodelo                      000018  0000B2  0000CA         C       0  CODE    
                bssBANK0                       000060  00006A  0000CA        60       1  BANK0   
                smallconst                     000800  00001A  00081A       400       0  SMALLCON
                intcode_body                   00081A  000C8B  0014A5       40D       0  CODE    
                idloc                          200000  000008  200008    200000       0  IDLOC   
                config                         300000  00000E  30000E    300000       0  CONFIG  


UNUSED ADDRESS RANGES

        Name                Unused          Largest block    Delta
        BANK0            0000CA-0000FF               36
        BANK1            000100-0001FF              100
        BANK2            000200-0002FF              100
        BANK3            000300-0003FF              100
        BANK4            000400-0004FF              100
        BANK5            000500-0005FF              100
        BANK6            000600-0006FF              100
        BANK7            000700-0007FF              100
        BIGRAM           000042-00005F               1E
                         0000CA-0007FF              736
        CODE             000004-000007                4
                         00000E-000017                A
                         0000CA-0007FF              736
                         0014A5-007FFF             6B5B
        COMRAM           000042-00005F               1E
        CONST            000004-000007                4
                         00000E-000017                A
                         0000CA-0007FF              736
                         0014A5-007FFF             6B5B
        EEDATA           F00000-F000FF              100
        MEDIUMCONST      0014A5-007FFF             6B5B
        RAM              0000CA-0007FF              100
        SFR              000F60-000FFF               A0
        SMALLCONST       0014A5-007FFF              100
        STACK            0000CA-0007FF              736

                                  Symbol Table

?_CLOCK_ReadTimer              cstackBANK0  0000C3
?_CLOCK_Time_Tick              cstackCOMRAM 000009
?_IR_handle                    cstackCOMRAM 000001
?_TMR0_ReadTimer               cstackBANK0  0000C1
?___lwdiv                      cstackBANK0  0000C1
?i2_CLOCK_ReadTimer            cstackCOMRAM 000007
?i2_TMR0_ReadTimer             cstackCOMRAM 000001
CLOCK_Task@STATE_CLOCK         bssBANK0     00008B
CLOCK_Time_Tick@tick_time      cstackCOMRAM 00000B
Fifo_Get@datapt                cstackBANK0  0000C1
Fifo_Init@i                    cstackCOMRAM 00001F
Fifo_Put@data                  cstackBANK0  0000C1
IR_Task@prvLevel               dataBANK0    0000C9
Motor_Left_A_1A@dir            cstackCOMRAM 00001F
Motor_Left_A_1B@dir            cstackCOMRAM 00001F
Motor_Left_B_1A@dir            cstackCOMRAM 00001F
Motor_Left_B_1B@dir            cstackCOMRAM 00001F
Motor_Right_A_1A@dir           cstackCOMRAM 00001F
Motor_Right_A_1B@dir           cstackCOMRAM 00001F
Motor_Right_B_1A@dir           cstackCOMRAM 00001F
Motor_Right_B_1B@dir           cstackCOMRAM 00001F
OS_AddThreads@func1            cstackBANK0  0000C1
OS_AddThreads@func2            cstackBANK0  0000C3
OS_AddThreads@func3            cstackBANK0  0000C5
OS_AddThreads@func4            cstackBANK0  0000C7
OS_Block@semaPt                cstackBANK0  0000C1
OS_Scheduler@PrvRunPt          cstackBANK0  0000C5
OS_Scheduler@sleep             cstackBANK0  0000C7
OS_Signal@PrvPt                cstackCOMRAM 000021
OS_Signal@pt                   cstackCOMRAM 000023
OS_Signal@semaPt               cstackBANK0  0000C1
OS_Wait@ret                    cstackCOMRAM 000020
OS_Wait@semaPt                 cstackBANK0  0000C1
PICBOT_Task@command            cstackCOMRAM 000028
PICBOT_Task@status             cstackCOMRAM 000027
TMR0_ReadTimer@readVal         cstackCOMRAM 000021
Wheel_Back_Left@motion         cstackCOMRAM 000020
Wheel_Back_Right@motion        cstackCOMRAM 000020
Wheel_Front_Left@motion        cstackCOMRAM 000020
Wheel_Front_Right@motion       cstackCOMRAM 000020
_ADCON1bits                    (abs)        000FC1
_CLOCK_Disable                 text77       00147C
_CLOCK_Enable                  text59       00146A
_CLOCK_ReadTimer               text43       0013EE
_CLOCK_Reload                  text75       001476
_CLOCK_Task                    text4        000E2C
_CLOCK_Time_Tick               text70       00116C
_CONFIG_mcu                    text52       0012E2
_DEBUG_Pin0Enable              text51       001464
_DEBUG_Pin0Toggle              text17       001228
_Fifo                          bssBANK0     000060
_Fifo_Get                      text16       001074
_Fifo_Init                     text48       000F18
_Fifo_Put                      text24       000D2C
_GetI                          bssBANK0     000088
_HighISR                       intcode      000008
_INT0_Enable                   text50       001450
_INT0_FallingEdge              text58       001482
_INT0_Init                     text57       001432
_INT0_RisingEdge               text69       001496
_INTCON2bits                   (abs)        000FF1
_INTCON3bits                   (abs)        000FF0
_INTCONbits                    (abs)        000FF2
_INTERRUPT_Enable              text49       00145E
_INTERRUPT_Init                text56       000CC4
_IPR1bits                      (abs)        000F9F
_IPR2                          (abs)        000FA2
_IRSTATEMACHINE                smallconst   000801
_IR_Init                       text47       0013FC
_IR_Task                       text6        000904
_IR_handle                     text68       00143C
_IRdata                        bssBANK0     000080
_IRdigit                       bssBANK0     00008A
_LATA                          (abs)        000F89
_LATAbits                      (abs)        000F89
_LATB                          (abs)        000F8A
_LATBbits                      (abs)        000F8A
_LATC                          (abs)        000F8B
_LATD                          (abs)        000F8C
_LATE                          (abs)        000F8D
_LATEbits                      (abs)        000F8D
_LED_Enable                    text46       001458
_LED_Off                       text67       001492
_LED_On                        text66       00148E
_LowISR                        intcodelo    000018
_Motor_Left_A_1A               text36       0013A8
_Motor_Left_A_1B               text35       00139A
_Motor_Left_B_1A               text42       0013E0
_Motor_Left_B_1B               text41       0013D2
_Motor_Right_A_1A              text39       0013C4
_Motor_Right_A_1B              text38       0013B6
_Motor_Right_B_1A              text33       00138C
_Motor_Right_B_1B              text32       00137E
_OSCCONbits                    (abs)        000FD3
_OSCILLATOR_Init               text55       001426
_OS_AddThreads                 text45       000C58
_OS_Block                      text27       001148
_OS_Launch                     text3        001190
_OS_Scheduler                  text2        000A8E
_OS_Signal                     text23       000B28
_OS_Wait                       text29       000ECC
_PICBOT_Stop                   text30       0012C8
_PICBOT_Task                   text5        0009D4
_PICBOT_fwd                    text15       0012AE
_PICBOT_lft                    text14       001294
_PICBOT_rgt                    text13       00127A
_PICBOT_rvs                    text12       001260
_PIE1bits                      (abs)        000F9D
_PIE2                          (abs)        000FA0
_PIR1bits                      (abs)        000F9E
_PIR2                          (abs)        000FA1
_PORTBbits                     (abs)        000F81
_PORTS_Init                    text54       001120
_PutI                          bssBANK0     000089
_RCONbits                      (abs)        000FD0
_RunPt                         bssBANK0     000084
_SEMA_BlockOnIRdetect          text26       00136E
_SEMA_BlockOnPICBot            text11       00133E
_SEMA_SetClock                 text10       00132E
_SEMA_SetIRdetect              text64       00140A
_SEMA_SetPICBot                text22       00135E
_SEMA_WaitForClock             text28       001244
_SEMA_WaitForPICBot            text9        00120C
_SEMA_WaitForTask4             text8        0011F0
_T0CONbits                     (abs)        000FD5
_TMR0H                         (abs)        000FD7
_TMR0L                         (abs)        000FD6
_TMR0_Disable                  text78       00149E
_TMR0_Enable                   text60       001486
_TMR0_Init                     text53       0010EA
_TMR0_ReadTimer                text44       0011B0
_TMR0_Reload                   text76       001446
_TMR1H                         (abs)        000FCF
_TRISA                         (abs)        000F92
_TRISAbits                     (abs)        000F92
_TRISB                         (abs)        000F93
_TRISBbits                     (abs)        000F93
_TRISC                         (abs)        000F94
_TRISD                         (abs)        000F95
_TRISE                         (abs)        000F96
_TRISEbits                     (abs)        000F96
_Wheel_Back_Left               text40       001030
_Wheel_Back_Right              text37       000FEC
_Wheel_Front_Left              text34       000FA8
_Wheel_Front_Right             text31       000F64
_Wheel_Init                    text1        0012F8
__CFG_BOR$ON                   (abs)        000000
__CFG_CCP2MX$ON                (abs)        000000
__CFG_CP0$OFF                  (abs)        000000
__CFG_CP1$OFF                  (abs)        000000
__CFG_CP2$OFF                  (abs)        000000
__CFG_CP3$OFF                  (abs)        000000
__CFG_CPB$OFF                  (abs)        000000
__CFG_CPD$OFF                  (abs)        000000
__CFG_CPUDIV$OSC1_PLL2         (abs)        000000
__CFG_EBTR0$OFF                (abs)        000000
__CFG_EBTR1$OFF                (abs)        000000
__CFG_EBTR2$OFF                (abs)        000000
__CFG_EBTR3$OFF                (abs)        000000
__CFG_EBTRB$OFF                (abs)        000000
__CFG_FOSC$HSPLL_HS            (abs)        000000
__CFG_ICPRT$OFF                (abs)        000000
__CFG_IESO$OFF                 (abs)        000000
__CFG_LPT1OSC$OFF              (abs)        000000
__CFG_LVP$OFF                  (abs)        000000
__CFG_MCLRE$ON                 (abs)        000000
__CFG_PBADEN$OFF               (abs)        000000
__CFG_PLLDIV$4                 (abs)        000000
__CFG_PWRT$OFF                 (abs)        000000
__CFG_STVREN$ON                (abs)        000000
__CFG_USBDIV$2                 (abs)        000000
__CFG_VREGEN$OFF               (abs)        000000
__CFG_WDT$OFF                  (abs)        000000
__CFG_WDTPS$32768              (abs)        000000
__CFG_WRT0$OFF                 (abs)        000000
__CFG_WRT1$OFF                 (abs)        000000
__CFG_WRT2$OFF                 (abs)        000000
__CFG_WRT3$OFF                 (abs)        000000
__CFG_WRTB$OFF                 (abs)        000000
__CFG_WRTC$OFF                 (abs)        000000
__CFG_WRTD$OFF                 (abs)        000000
__CFG_XINST$OFF                (abs)        000000
__HRAM                         (abs)        000000
__Habs1                        abs1         000000
__Hbank0                       bank0        000000
__Hbank1                       bank1        000000
__Hbank2                       bank2        000000
__Hbank3                       bank3        000000
__Hbank4                       bank4        000000
__Hbank5                       bank5        000000
__Hbank6                       bank6        000000
__Hbank7                       bank7        000000
__Hbigbss                      bigbss       000000
__Hbigdata                     bigdata      000000
__Hbigram                      bigram       000000
__Hbss                         bss          000000
__HbssBANK0                    bssBANK0     000000
__HbssCOMRAM                   bssCOMRAM    000000
__Hcinit                       cinit        000000
__Hclrtext                     clrtext      000000
__Hcomram                      comram       000000
__Hconfig                      config       30000E
__Hconst                       const        000000
__HcstackBANK0                 cstackBANK0  000000
__HcstackCOMRAM                cstackCOMRAM 000000
__Hdata                        data         000000
__HdataBANK0                   dataBANK0    000000
__Heeprom_data                 eeprom_data  000000
__Hfarbss                      farbss       000000
__Hfardata                     fardata      000000
__Hibigdata                    ibigdata     000000
__Hidata                       idata        000000
__HidataBANK0                  idataBANK0   000000
__Hidloc                       idloc        200008
__Hifardata                    ifardata     000000
__Hinit                        init         0000CA
__Hintcode                     intcode      00000E
__Hintcode_body                intcode_body 000000
__Hintcodelo                   intcodelo    0000C6
__Hintentry                    intentry     000000
__Hintret                      intret       000000
__Hintsave_regs                intsave_regs 000000
__Hirdata                      irdata       000000
__Hmediumconst                 mediumconst  000000
__HnvFARRAM                    nvFARRAM     000000
__Hnvbit                       nvbit        000000
__Hnvrram                      nvrram       000000
__Hparam                       rparam       000000
__Hpowerup                     powerup      0000C6
__Hram                         ram          000000
__Hramtop                      ramtop       000800
__Hrbit                        rbit         000000
__Hrbss                        rbss         000000
__Hrdata                       rdata        000000
__Hreset_vec                   reset_vec    000004
__Hrparam                      rparam       000000
__Hsfr                         sfr          000000
__Hsmallconst                  smallconst   00081A
__Hspace_0                     (abs)        30000E
__Hspace_1                     (abs)        0000CA
__Hspace_2                     (abs)        000000
__Hstack                       stack        000000
__Hstruct                      struct       000000
__Htemp                        temp         000042
__Htext                        text         000000
__Htext0                       text0        000000
__Htext1                       text1        000000
__Htext10                      text10       000000
__Htext11                      text11       000000
__Htext12                      text12       000000
__Htext13                      text13       000000
__Htext14                      text14       000000
__Htext15                      text15       000000
__Htext16                      text16       000000
__Htext17                      text17       000000
__Htext18                      text18       000000
__Htext19                      text19       000000
__Htext2                       text2        000000
__Htext20                      text20       000000
__Htext21                      text21       000000
__Htext22                      text22       000000
__Htext23                      text23       000000
__Htext24                      text24       000000
__Htext25                      text25       000000
__Htext26                      text26       000000
__Htext27                      text27       000000
__Htext28                      text28       000000
__Htext29                      text29       000000
__Htext3                       text3        000000
__Htext30                      text30       000000
__Htext31                      text31       000000
__Htext32                      text32       000000
__Htext33                      text33       000000
__Htext34                      text34       000000
__Htext35                      text35       000000
__Htext36                      text36       000000
__Htext37                      text37       000000
__Htext38                      text38       000000
__Htext39                      text39       000000
__Htext4                       text4        000000
__Htext40                      text40       000000
__Htext41                      text41       000000
__Htext42                      text42       000000
__Htext43                      text43       000000
__Htext44                      text44       000000
__Htext45                      text45       000000
__Htext46                      text46       000000
__Htext47                      text47       000000
__Htext48                      text48       000000
__Htext49                      text49       000000
__Htext5                       text5        000000
__Htext50                      text50       000000
__Htext51                      text51       000000
__Htext52                      text52       000000
__Htext53                      text53       000000
__Htext54                      text54       000000
__Htext55                      text55       000000
__Htext56                      text56       000000
__Htext57                      text57       000000
__Htext58                      text58       000000
__Htext59                      text59       000000
__Htext6                       text6        000000
__Htext60                      text60       000000
__Htext63                      text63       000000
__Htext64                      text64       000000
__Htext65                      text65       000000
__Htext66                      text66       000000
__Htext67                      text67       000000
__Htext68                      text68       000000
__Htext69                      text69       000000
__Htext7                       text7        000000
__Htext70                      text70       000000
__Htext71                      text71       000000
__Htext72                      text72       000000
__Htext73                      text73       000000
__Htext74                      text74       000000
__Htext75                      text75       000000
__Htext76                      text76       000000
__Htext77                      text77       000000
__Htext78                      text78       000000
__Htext79                      text79       000000
__Htext8                       text8        000000
__Htext9                       text9        000000
__LRAM                         (abs)        000001
__Labs1                        abs1         000000
__Lbank0                       bank0        000000
__Lbank1                       bank1        000000
__Lbank2                       bank2        000000
__Lbank3                       bank3        000000
__Lbank4                       bank4        000000
__Lbank5                       bank5        000000
__Lbank6                       bank6        000000
__Lbank7                       bank7        000000
__Lbigbss                      bigbss       000000
__Lbigdata                     bigdata      000000
__Lbigram                      bigram       000000
__Lbss                         bss          000000
__LbssBANK0                    bssBANK0     000000
__LbssCOMRAM                   bssCOMRAM    000000
__Lcinit                       cinit        000000
__Lclrtext                     clrtext      000000
__Lcomram                      comram       000000
__Lconfig                      config       300000
__Lconst                       const        000000
__LcstackBANK0                 cstackBANK0  000000
__LcstackCOMRAM                cstackCOMRAM 000000
__Ldata                        data         000000
__LdataBANK0                   dataBANK0    000000
__Leeprom_data                 eeprom_data  000000
__Lfarbss                      farbss       000000
__Lfardata                     fardata      000000
__Libigdata                    ibigdata     000000
__Lidata                       idata        000000
__LidataBANK0                  idataBANK0   000000
__Lidloc                       idloc        200000
__Lifardata                    ifardata     000000
__Linit                        init         0000C6
__Lintcode                     intcode      000008
__Lintcode_body                intcode_body 000000
__Lintcodelo                   intcodelo    000018
__Lintentry                    intentry     000000
__Lintret                      intret       000000
__Lintsave_regs                intsave_regs 000000
__Lirdata                      irdata       000000
__Lmediumconst                 mediumconst  000000
__LnvFARRAM                    nvFARRAM     000000
__Lnvbit                       nvbit        000000
__Lnvrram                      nvrram       000000
__Lparam                       rparam       000000
__Lpowerup                     powerup      0000C6
__Lram                         ram          000000
__Lramtop                      ramtop       000800
__Lrbit                        rbit         000000
__Lrbss                        rbss         000000
__Lrdata                       rdata        000000
__Lreset_vec                   reset_vec    000000
__Lrparam                      rparam       000000
__Lsfr                         sfr          000000
__Lsmallconst                  smallconst   000800
__Lspace_0                     (abs)        000000
__Lspace_1                     (abs)        000000
__Lspace_2                     (abs)        000000
__Lstack                       stack        000000
__Lstruct                      struct       000000
__Ltemp                        temp         000041
__Ltext                        text         000000
__Ltext0                       text0        000000
__Ltext1                       text1        000000
__Ltext10                      text10       000000
__Ltext11                      text11       000000
__Ltext12                      text12       000000
__Ltext13                      text13       000000
__Ltext14                      text14       000000
__Ltext15                      text15       000000
__Ltext16                      text16       000000
__Ltext17                      text17       000000
__Ltext18                      text18       000000
__Ltext19                      text19       000000
__Ltext2                       text2        000000
__Ltext20                      text20       000000
__Ltext21                      text21       000000
__Ltext22                      text22       000000
__Ltext23                      text23       000000
__Ltext24                      text24       000000
__Ltext25                      text25       000000
__Ltext26                      text26       000000
__Ltext27                      text27       000000
__Ltext28                      text28       000000
__Ltext29                      text29       000000
__Ltext3                       text3        000000
__Ltext30                      text30       000000
__Ltext31                      text31       000000
__Ltext32                      text32       000000
__Ltext33                      text33       000000
__Ltext34                      text34       000000
__Ltext35                      text35       000000
__Ltext36                      text36       000000
__Ltext37                      text37       000000
__Ltext38                      text38       000000
__Ltext39                      text39       000000
__Ltext4                       text4        000000
__Ltext40                      text40       000000
__Ltext41                      text41       000000
__Ltext42                      text42       000000
__Ltext43                      text43       000000
__Ltext44                      text44       000000
__Ltext45                      text45       000000
__Ltext46                      text46       000000
__Ltext47                      text47       000000
__Ltext48                      text48       000000
__Ltext49                      text49       000000
__Ltext5                       text5        000000
__Ltext50                      text50       000000
__Ltext51                      text51       000000
__Ltext52                      text52       000000
__Ltext53                      text53       000000
__Ltext54                      text54       000000
__Ltext55                      text55       000000
__Ltext56                      text56       000000
__Ltext57                      text57       000000
__Ltext58                      text58       000000
__Ltext59                      text59       000000
__Ltext6                       text6        000000
__Ltext60                      text60       000000
__Ltext63                      text63       000000
__Ltext64                      text64       000000
__Ltext65                      text65       000000
__Ltext66                      text66       000000
__Ltext67                      text67       000000
__Ltext68                      text68       000000
__Ltext69                      text69       000000
__Ltext7                       text7        000000
__Ltext70                      text70       000000
__Ltext71                      text71       000000
__Ltext72                      text72       000000
__Ltext73                      text73       000000
__Ltext74                      text74       000000
__Ltext75                      text75       000000
__Ltext76                      text76       000000
__Ltext77                      text77       000000
__Ltext78                      text78       000000
__Ltext79                      text79       000000
__Ltext8                       text8        000000
__Ltext9                       text9        000000
__S0                           (abs)        30000E
__S1                           (abs)        0000CA
__S2                           (abs)        000000
___inthi_sp                    stack        000000
___intlo_sp                    stack        000000
___lwdiv                       text25       000D88
___lwdiv@counter               cstackCOMRAM 00001F
___lwdiv@dividend              cstackBANK0  0000C1
___lwdiv@divisor               cstackBANK0  0000C3
___lwdiv@quotient              cstackCOMRAM 000020
___param_bank                  (abs)        000000
___rparam_used                 (abs)        000001
___sp                          stack        000000
__accesstop                    (abs)        000060
__activetblptr                 (abs)        000002
__end_of_CLOCK_Disable         text77       001482
__end_of_CLOCK_Enable          text59       001470
__end_of_CLOCK_ReadTimer       text43       0013FC
__end_of_CLOCK_Reload          text75       00147C
__end_of_CLOCK_Task            text4        000E7C
__end_of_CLOCK_Time_Tick       text70       001190
__end_of_CONFIG_mcu            text52       0012F8
__end_of_DEBUG_Pin0Enable      text51       00146A
__end_of_DEBUG_Pin0Toggle      text17       001244
__end_of_Fifo_Get              text16       0010B2
__end_of_Fifo_Init             text48       000F64
__end_of_Fifo_Put              text24       000D88
__end_of_HighISR               intcode_body 000904
__end_of_INT0_Enable           text50       001458
__end_of_INT0_FallingEdge      text58       001486
__end_of_INT0_Init             text57       00143C
__end_of_INT0_RisingEdge       text69       00149A
__end_of_INTERRUPT_Enable      text49       001464
__end_of_INTERRUPT_Init        text56       000D2C
__end_of_IRSTATEMACHINE        smallconst   000819
__end_of_IR_Init               text47       00140A
__end_of_IR_Task               text6        0009D4
__end_of_IR_handle             text68       001446
__end_of_LED_Enable            text46       00145E
__end_of_LED_Off               text67       001496
__end_of_LED_On                text66       001492
__end_of_LowISR                intcodelo    0000C6
__end_of_Motor_Left_A_1A       text36       0013B6
__end_of_Motor_Left_A_1B       text35       0013A8
__end_of_Motor_Left_B_1A       text42       0013EE
__end_of_Motor_Left_B_1B       text41       0013E0
__end_of_Motor_Right_A_1A      text39       0013D2
__end_of_Motor_Right_A_1B      text38       0013C4
__end_of_Motor_Right_B_1A      text33       00139A
__end_of_Motor_Right_B_1B      text32       00138C
__end_of_OSCILLATOR_Init       text55       001432
__end_of_OS_AddThreads         text45       000CC4
__end_of_OS_Block              text27       00116C
__end_of_OS_Launch             text3        0011B0
__end_of_OS_Scheduler          text2        000B28
__end_of_OS_Signal             text23       000BC0
__end_of_OS_Wait               text29       000F18
__end_of_PICBOT_Stop           text30       0012E2
__end_of_PICBOT_Task           text5        000A8E
__end_of_PICBOT_fwd            text15       0012C8
__end_of_PICBOT_lft            text14       0012AE
__end_of_PICBOT_rgt            text13       001294
__end_of_PICBOT_rvs            text12       00127A
__end_of_PORTS_Init            text54       001148
__end_of_SEMA_BlockOnIRdetect  text26       00137E
__end_of_SEMA_BlockOnPICBot    text11       00134E
__end_of_SEMA_SetClock         text10       00133E
__end_of_SEMA_SetIRdetect      text64       001418
__end_of_SEMA_SetPICBot        text22       00136E
__end_of_SEMA_WaitForClock     text28       001260
__end_of_SEMA_WaitForPICBot    text9        001228
__end_of_SEMA_WaitForTask4     text8        00120C
__end_of_TMR0_Disable          text78       0014A2
__end_of_TMR0_Enable           text60       00148A
__end_of_TMR0_Init             text53       001120
__end_of_TMR0_ReadTimer        text44       0011D0
__end_of_TMR0_Reload           text76       001450
__end_of_Wheel_Back_Left       text40       001074
__end_of_Wheel_Back_Right      text37       001030
__end_of_Wheel_Front_Left      text34       000FEC
__end_of_Wheel_Front_Right     text31       000FA8
__end_of_Wheel_Init            text1        00130A
__end_of___lwdiv               text25       000DDC
__end_of__initialization       cinit        0010DC
__end_of_ir_Begin              text19       00135E
__end_of_ir_bitcollect         text18       000ECC
__end_of_ir_end                text20       0014A4
__end_of_ir_terminate          text21       00132E
__end_of_main                  text0        000E2C
__end_of_task4                 text7        00131C
__end_ofi2_CLOCK_Enable        text73       001476
__end_ofi2_CLOCK_ReadTimer     text71       001426
__end_ofi2_INT0_FallingEdge    text63       00148E
__end_ofi2_OS_Signal           text65       000C58
__end_ofi2_TMR0_Enable         text74       00149E
__end_ofi2_TMR0_ReadTimer      text72       0011F0
__initialization               cinit        0010B2
__mediumconst                  mediumconst  000000
__pbssBANK0                    bssBANK0     000060
__pbssCOMRAM                   bssCOMRAM    00002C
__pcinit                       cinit        0010B2
__pcstackBANK0                 cstackBANK0  0000AC
__pcstackCOMRAM                cstackCOMRAM 000001
__pdataBANK0                   dataBANK0    0000C9
__pidataBANK0                  idataBANK0   0014A4
__pintcode                     intcode      000008
__pintcode_body                intcode_body 00081A
__pintcodelo                   intcodelo    000018
__psmallconst                  smallconst   000800
__ptext0                       text0        000DDC
__ptext1                       text1        0012F8
__ptext10                      text10       00132E
__ptext11                      text11       00133E
__ptext12                      text12       001260
__ptext13                      text13       00127A
__ptext14                      text14       001294
__ptext15                      text15       0012AE
__ptext16                      text16       001074
__ptext17                      text17       001228
__ptext18                      text18       000E7C
__ptext19                      text19       00134E
__ptext2                       text2        000A8E
__ptext20                      text20       0014A2
__ptext21                      text21       00131C
__ptext22                      text22       00135E
__ptext23                      text23       000B28
__ptext24                      text24       000D2C
__ptext25                      text25       000D88
__ptext26                      text26       00136E
__ptext27                      text27       001148
__ptext28                      text28       001244
__ptext29                      text29       000ECC
__ptext3                       text3        001190
__ptext30                      text30       0012C8
__ptext31                      text31       000F64
__ptext32                      text32       00137E
__ptext33                      text33       00138C
__ptext34                      text34       000FA8
__ptext35                      text35       00139A
__ptext36                      text36       0013A8
__ptext37                      text37       000FEC
__ptext38                      text38       0013B6
__ptext39                      text39       0013C4
__ptext4                       text4        000E2C
__ptext40                      text40       001030
__ptext41                      text41       0013D2
__ptext42                      text42       0013E0
__ptext43                      text43       0013EE
__ptext44                      text44       0011B0
__ptext45                      text45       000C58
__ptext46                      text46       001458
__ptext47                      text47       0013FC
__ptext48                      text48       000F18
__ptext49                      text49       00145E
__ptext5                       text5        0009D4
__ptext50                      text50       001450
__ptext51                      text51       001464
__ptext52                      text52       0012E2
__ptext53                      text53       0010EA
__ptext54                      text54       001120
__ptext55                      text55       001426
__ptext56                      text56       000CC4
__ptext57                      text57       001432
__ptext58                      text58       001482
__ptext59                      text59       00146A
__ptext6                       text6        000904
__ptext60                      text60       001486
__ptext63                      text63       00148A
__ptext64                      text64       00140A
__ptext65                      text65       000BC0
__ptext66                      text66       00148E
__ptext67                      text67       001492
__ptext68                      text68       00143C
__ptext69                      text69       001496
__ptext7                       text7        00130A
__ptext70                      text70       00116C
__ptext71                      text71       001418
__ptext72                      text72       0011D0
__ptext73                      text73       001470
__ptext74                      text74       00149A
__ptext75                      text75       001476
__ptext76                      text76       001446
__ptext77                      text77       00147C
__ptext78                      text78       00149E
__ptext79                      text79       000000
__ptext8                       text8        0011F0
__ptext9                       text9        00120C
__ramtop                       ramtop       000800
__size_of_CLOCK_Disable        (abs)        000000
__size_of_CLOCK_Enable         (abs)        000000
__size_of_CLOCK_ReadTimer      (abs)        000000
__size_of_CLOCK_Reload         (abs)        000000
__size_of_CLOCK_Task           (abs)        000000
__size_of_CLOCK_Time_Tick      (abs)        000000
__size_of_CONFIG_mcu           (abs)        000000
__size_of_DEBUG_Pin0Enable     (abs)        000000
__size_of_DEBUG_Pin0Toggle     (abs)        000000
__size_of_Fifo_Get             (abs)        000000
__size_of_Fifo_Init            (abs)        000000
__size_of_Fifo_Put             (abs)        000000
__size_of_HighISR              (abs)        000000
__size_of_INT0_Enable          (abs)        000000
__size_of_INT0_FallingEdge     (abs)        000000
__size_of_INT0_Init            (abs)        000000
__size_of_INT0_RisingEdge      (abs)        000000
__size_of_INTERRUPT_Enable     (abs)        000000
__size_of_INTERRUPT_Init       (abs)        000000
__size_of_IR_Init              (abs)        000000
__size_of_IR_Task              (abs)        000000
__size_of_IR_handle            (abs)        000000
__size_of_LED_Enable           (abs)        000000
__size_of_LED_Off              (abs)        000000
__size_of_LED_On               (abs)        000000
__size_of_LowISR               (abs)        000000
__size_of_Motor_Left_A_1A      (abs)        000000
__size_of_Motor_Left_A_1B      (abs)        000000
__size_of_Motor_Left_B_1A      (abs)        000000
__size_of_Motor_Left_B_1B      (abs)        000000
__size_of_Motor_Right_A_1A     (abs)        000000
__size_of_Motor_Right_A_1B     (abs)        000000
__size_of_Motor_Right_B_1A     (abs)        000000
__size_of_Motor_Right_B_1B     (abs)        000000
__size_of_OSCILLATOR_Init      (abs)        000000
__size_of_OS_AddThreads        (abs)        000000
__size_of_OS_Block             (abs)        000000
__size_of_OS_Launch            (abs)        000000
__size_of_OS_Scheduler         (abs)        000000
__size_of_OS_Signal            (abs)        000000
__size_of_OS_Wait              (abs)        000000
__size_of_PICBOT_Stop          (abs)        000000
__size_of_PICBOT_Task          (abs)        000000
__size_of_PICBOT_fwd           (abs)        000000
__size_of_PICBOT_lft           (abs)        000000
__size_of_PICBOT_rgt           (abs)        000000
__size_of_PICBOT_rvs           (abs)        000000
__size_of_PORTS_Init           (abs)        000000
__size_of_SEMA_BlockOnIRdetect (abs)        000000
__size_of_SEMA_BlockOnPICBot   (abs)        000000
__size_of_SEMA_SetClock        (abs)        000000
__size_of_SEMA_SetIRdetect     (abs)        000000
__size_of_SEMA_SetPICBot       (abs)        000000
__size_of_SEMA_WaitForClock    (abs)        000000
__size_of_SEMA_WaitForPICBot   (abs)        000000
__size_of_SEMA_WaitForTask4    (abs)        000000
__size_of_TMR0_Disable         (abs)        000000
__size_of_TMR0_Enable          (abs)        000000
__size_of_TMR0_Init            (abs)        000000
__size_of_TMR0_ReadTimer       (abs)        000000
__size_of_TMR0_Reload          (abs)        000000
__size_of_Wheel_Back_Left      (abs)        000000
__size_of_Wheel_Back_Right     (abs)        000000
__size_of_Wheel_Front_Left     (abs)        000000
__size_of_Wheel_Front_Right    (abs)        000000
__size_of_Wheel_Init           (abs)        000000
__size_of___lwdiv              (abs)        000000
__size_of_ir_Begin             (abs)        000000
__size_of_ir_bitcollect        (abs)        000000
__size_of_ir_end               (abs)        000000
__size_of_ir_terminate         (abs)        000000
__size_of_main                 (abs)        000000
__size_of_task4                (abs)        000000
__size_ofi2_CLOCK_Enable       (abs)        000000
__size_ofi2_CLOCK_ReadTimer    (abs)        000000
__size_ofi2_INT0_FallingEdge   (abs)        000000
__size_ofi2_OS_Signal          (abs)        000000
__size_ofi2_TMR0_Enable        (abs)        000000
__size_ofi2_TMR0_ReadTimer     (abs)        000000
__smallconst                   smallconst   000800
_i                             bssCOMRAM    00003E
_ir_Begin                      text19       00134E
_ir_bitcollect                 text18       000E7C
_ir_end                        text20       0014A2
_ir_terminate                  text21       00131C
_irhandle                      bssBANK0     0000A4
_irstate                       bssBANK0     000082
_j                             bssCOMRAM    00003C
_k                             bssCOMRAM    00003A
_l                             bssBANK0     000086
_main                          text0        000DDC
_sema_Task2                    bssBANK0     0000A9
_sema_Task3                    bssBANK0     0000A8
_sema_Task4                    bssBANK0     0000A7
_sema_clock                    bssBANK0     0000AA
_sema_irdetect                 bssCOMRAM    000040
_sema_picbot                   bssBANK0     0000AB
_task4                         text7        00130A
_tcbs                          bssBANK0     00008C
_timer0ReloadVal               bssCOMRAM    000038
btemp                          temp         000041
end_of_initialization          cinit        0010DC
i2OS_Signal@PrvPt              cstackCOMRAM 000005
i2OS_Signal@pt                 cstackCOMRAM 000007
i2OS_Signal@semaPt             cstackCOMRAM 000001
i2TMR0_ReadTimer@readVal       cstackCOMRAM 000005
i2_CLOCK_Enable                text73       001470
i2_CLOCK_ReadTimer             text71       001418
i2_INT0_FallingEdge            text63       00148A
i2_OS_Signal                   text65       000BC0
i2_TMR0_Enable                 text74       00149A
i2_TMR0_ReadTimer              text72       0011D0
int$flags                      temp         000041
int_func                       intcode_body 00081A
intlevel0                      text         000000
intlevel1                      text         000000
intlevel2                      text         000000
intlevel3                      text         000000
ir_bitcollect@n                cstackCOMRAM 000025
stackhi                        (abs)        0007FF
stacklo                        (abs)        0000CA
start                          init         0000C6
start_initialization           cinit        0010B2
wtemp6                         temp         000042


FUNCTION INFORMATION:

 *************** function _main *****************
 Defined at:
		line 37 in file "main.c"
 Parameters:    Size  Location     Type
		None
 Auto vars:     Size  Location     Type
		None
 Return value:  Size  Location     Type
                  1    wreg      void 
 Registers used:
		wreg, fsr1l, fsr1h, fsr2l, fsr2h, status,2, status,0, pclath, tosl, tblptrl, tblptrh, tblptru, prodl, prodh, cstack
 Tracked objects:
		On entry : 
		On exit  : 
		Unchanged: 
 Data sizes:     COMRAM   BANK0   BANK1   BANK2   BANK3   BANK4   BANK5   BANK6   BANK7
      Params:         0       0       0       0       0       0       0       0       0
      Locals:         0       0       0       0       0       0       0       0       0
      Temps:          0       0       0       0       0       0       0       0       0
      Totals:         0       0       0       0       0       0       0       0       0
Total ram usage:        0 bytes
 Hardware stack levels required when called:   10
 This function calls:
		_CLOCK_Enable
		_CONFIG_mcu
		_DEBUG_Pin0Enable
		_INT0_Enable
		_INTERRUPT_Enable
		_IR_Init
		_LED_Enable
		_OS_AddThreads
		_OS_Launch
		_OS_Scheduler
		_Wheel_Init
 This function is called by:
		Startup code after reset
 This function uses a non-reentrant model


 *************** function _Wheel_Init *****************
 Defined at:
		line 91 in file "wheel4d.c"
 Parameters:    Size  Location     Type
		None
 Auto vars:     Size  Location     Type
		None
 Return value:  Size  Location     Type
                  1    wreg      void 
 Registers used:
		None
 Tracked objects:
		On entry : 
		On exit  : 
		Unchanged: 
 Data sizes:     COMRAM   BANK0   BANK1   BANK2   BANK3   BANK4   BANK5   BANK6   BANK7
      Params:         0       0       0       0       0       0       0       0       0
      Locals:         0       0       0       0       0       0       0       0       0
      Temps:          0       0       0       0       0       0       0       0       0
      Totals:         0       0       0       0       0       0       0       0       0
Total ram usage:        0 bytes
 Hardware stack levels used:    1
 Hardware stack levels required when called:    5
 This function calls:
		Nothing
 This function is called by:
		_main
 This function uses a non-reentrant model


 *************** function _OS_Scheduler *****************
 Defined at:
		line 76 in file "os.c"
 Parameters:    Size  Location     Type
		None
 Auto vars:     Size  Location     Type
  PrvRunPt        2   25[BANK0 ] PTR struct tcb
		 -> NULL(0), tcbs(24), 
  sleep           1   27[BANK0 ] unsigned char 
 Return value:  Size  Location     Type
                  1    wreg      void 
 Registers used:
		wreg, fsr1l, fsr1h, fsr2l, fsr2h, status,2, status,0, pclath, tosl, tblptrl, tblptrh, tblptru, prodl, prodh, cstack
 Tracked objects:
		On entry : 
		On exit  : 
		Unchanged: 
 Data sizes:     COMRAM   BANK0   BANK1   BANK2   BANK3   BANK4   BANK5   BANK6   BANK7
      Params:         0       0       0       0       0       0       0       0       0
      Locals:         0       3       0       0       0       0       0       0       0
      Temps:          2       0       0       0       0       0       0       0       0
      Totals:         2       3       0       0       0       0       0       0       0
Total ram usage:        5 bytes
 Hardware stack levels used:    1
 Hardware stack levels required when called:    9
 This function calls:
		_CLOCK_Task
		_IR_Task
		_PICBOT_Task
		_task4
 This function is called by:
		_main
 This function uses a non-reentrant model


 *************** function _OS_Launch *****************
 Defined at:
		line 63 in file "os.c"
 Parameters:    Size  Location     Type
		None
 Auto vars:     Size  Location     Type
		None
 Return value:  Size  Location     Type
                  1    wreg      void 
 Registers used:
		wreg, fsr1l, fsr1h, fsr2l, fsr2h, status,2, status,0, pclath, tosl, tblptrl, tblptrh, tblptru, prodl, prodh, cstack
 Tracked objects:
		On entry : 
		On exit  : 
		Unchanged: 
 Data sizes:     COMRAM   BANK0   BANK1   BANK2   BANK3   BANK4   BANK5   BANK6   BANK7
      Params:         0       0       0       0       0       0       0       0       0
      Locals:         0       0       0       0       0       0       0       0       0
      Temps:          0       0       0       0       0       0       0       0       0
      Totals:         0       0       0       0       0       0       0       0       0
Total ram usage:        0 bytes
 Hardware stack levels used:    1
 Hardware stack levels required when called:    9
 This function calls:
		_CLOCK_Task
		_IR_Task
		_PICBOT_Task
		_task4
 This function is called by:
		_main
 This function uses a non-reentrant model


 *************** function _CLOCK_Task *****************
 Defined at:
		line 12 in file "clock.c"
 Parameters:    Size  Location     Type
		None
 Auto vars:     Size  Location     Type
		None
 Return value:  Size  Location     Type
                  1    wreg      void 
 Registers used:
		wreg, fsr2l, fsr2h, status,2, status,0, cstack
 Tracked objects:
		On entry : 
		On exit  : 
		Unchanged: 
 Data sizes:     COMRAM   BANK0   BANK1   BANK2   BANK3   BANK4   BANK5   BANK6   BANK7
      Params:         0       0       0       0       0       0       0       0       0
      Locals:         0       0       0       0       0       0       0       0       0
      Temps:          0       0       0       0       0       0       0       0       0
      Totals:         0       0       0       0       0       0       0       0       0
Total ram usage:        0 bytes
 Hardware stack levels used:    1
 Hardware stack levels required when called:    8
 This function calls:
		_CLOCK_ReadTimer
		_PICBOT_Stop
		_SEMA_WaitForClock
 This function is called by:
		_main
		_OS_Launch
		_OS_Scheduler
 This function uses a non-reentrant model


 *************** function _PICBOT_Task *****************
 Defined at:
		line 10 in file "PICBot.c"
 Parameters:    Size  Location     Type
		None
 Auto vars:     Size  Location     Type
  command         2   39[COMRAM] unsigned int 
  status          1   38[COMRAM] enum E128
 Return value:  Size  Location     Type
                  1    wreg      void 
 Registers used:
		wreg, fsr1l, fsr1h, fsr2l, fsr2h, status,2, status,0, cstack
 Tracked objects:
		On entry : 
		On exit  : 
		Unchanged: 
 Data sizes:     COMRAM   BANK0   BANK1   BANK2   BANK3   BANK4   BANK5   BANK6   BANK7
      Params:         0       0       0       0       0       0       0       0       0
      Locals:         3       0       0       0       0       0       0       0       0
      Temps:          2       0       0       0       0       0       0       0       0
      Totals:         5       0       0       0       0       0       0       0       0
Total ram usage:        5 bytes
 Hardware stack levels used:    1
 Hardware stack levels required when called:    8
 This function calls:
		_DEBUG_Pin0Toggle
		_Fifo_Get
		_PICBOT_Stop
		_PICBOT_fwd
		_PICBOT_lft
		_PICBOT_rgt
		_PICBOT_rvs
		_SEMA_BlockOnPICBot
		_SEMA_SetClock
		_SEMA_WaitForPICBot
 This function is called by:
		_main
		_OS_Launch
		_OS_Scheduler
 This function uses a non-reentrant model


 *************** function _IR_Task *****************
 Defined at:
		line 45 in file "irdetect.c"
 Parameters:    Size  Location     Type
		None
 Auto vars:     Size  Location     Type
		None
 Return value:  Size  Location     Type
                  1    wreg      void 
 Registers used:
		wreg, fsr2l, fsr2h, status,2, status,0, pclath, tosl, tblptrl, tblptrh, tblptru, prodl, prodh, cstack
 Tracked objects:
		On entry : 
		On exit  : 
		Unchanged: 
 Data sizes:     COMRAM   BANK0   BANK1   BANK2   BANK3   BANK4   BANK5   BANK6   BANK7
      Params:         0       0       0       0       0       0       0       0       0
      Locals:         0       0       0       0       0       0       0       0       0
      Temps:          2       0       0       0       0       0       0       0       0
      Totals:         2       0       0       0       0       0       0       0       0
Total ram usage:        2 bytes
 Hardware stack levels used:    1
 Hardware stack levels required when called:    8
 This function calls:
		_CLOCK_ReadTimer
		_SEMA_BlockOnIRdetect
		_ir_Begin
		_ir_bitcollect
		_ir_end
		_ir_terminate
 This function is called by:
		_main
		_OS_Launch
		_OS_Scheduler
 This function uses a non-reentrant model


 *************** function _task4 *****************
 Defined at:
		line 68 in file "main.c"
 Parameters:    Size  Location     Type
		None
 Auto vars:     Size  Location     Type
		None
 Return value:  Size  Location     Type
                  1    wreg      void 
 Registers used:
		wreg, fsr2l, fsr2h, status,2, status,0, cstack
 Tracked objects:
		On entry : 
		On exit  : 
		Unchanged: 
 Data sizes:     COMRAM   BANK0   BANK1   BANK2   BANK3   BANK4   BANK5   BANK6   BANK7
      Params:         0       0       0       0       0       0       0       0       0
      Locals:         0       0       0       0       0       0       0       0       0
      Temps:          0       0       0       0       0       0       0       0       0
      Totals:         0       0       0       0       0       0       0       0       0
Total ram usage:        0 bytes
 Hardware stack levels used:    1
 Hardware stack levels required when called:    7
 This function calls:
		_SEMA_WaitForTask4
 This function is called by:
		_main
		_OS_Launch
		_OS_Scheduler
 This function uses a non-reentrant model


 *************** function _SEMA_WaitForTask4 *****************
 Defined at:
		line 108 in file "sema.c"
 Parameters:    Size  Location     Type
		None
 Auto vars:     Size  Location     Type
		None
 Return value:  Size  Location     Type
                  1    wreg      unsigned char 
 Registers used:
		wreg, fsr2l, fsr2h, status,2, status,0, cstack
 Tracked objects:
		On entry : 
		On exit  : 
		Unchanged: 
 Data sizes:     COMRAM   BANK0   BANK1   BANK2   BANK3   BANK4   BANK5   BANK6   BANK7
      Params:         0       0       0       0       0       0       0       0       0
      Locals:         0       0       0       0       0       0       0       0       0
      Temps:          0       0       0       0       0       0       0       0       0
      Totals:         0       0       0       0       0       0       0       0       0
Total ram usage:        0 bytes
 Hardware stack levels used:    1
 Hardware stack levels required when called:    6
 This function calls:
		_OS_Wait
 This function is called by:
		_task4
 This function uses a non-reentrant model


 *************** function _SEMA_WaitForPICBot *****************
 Defined at:
		line 35 in file "sema.c"
 Parameters:    Size  Location     Type
		None
 Auto vars:     Size  Location     Type
		None
 Return value:  Size  Location     Type
                  1    wreg      unsigned char 
 Registers used:
		wreg, fsr2l, fsr2h, status,2, status,0, cstack
 Tracked objects:
		On entry : 
		On exit  : 
		Unchanged: 
 Data sizes:     COMRAM   BANK0   BANK1   BANK2   BANK3   BANK4   BANK5   BANK6   BANK7
      Params:         0       0       0       0       0       0       0       0       0
      Locals:         0       0       0       0       0       0       0       0       0
      Temps:          0       0       0       0       0       0       0       0       0
      Totals:         0       0       0       0       0       0       0       0       0
Total ram usage:        0 bytes
 Hardware stack levels used:    1
 Hardware stack levels required when called:    6
 This function calls:
		_OS_Wait
 This function is called by:
		_PICBOT_Task
 This function uses a non-reentrant model


 *************** function _SEMA_SetClock *****************
 Defined at:
		line 48 in file "sema.c"
 Parameters:    Size  Location     Type
		None
 Auto vars:     Size  Location     Type
		None
 Return value:  Size  Location     Type
                  1    wreg      void 
 Registers used:
		wreg, fsr2l, fsr2h, status,2, status,0, cstack
 Tracked objects:
		On entry : 
		On exit  : 
		Unchanged: 
 Data sizes:     COMRAM   BANK0   BANK1   BANK2   BANK3   BANK4   BANK5   BANK6   BANK7
      Params:         0       0       0       0       0       0       0       0       0
      Locals:         0       0       0       0       0       0       0       0       0
      Temps:          0       0       0       0       0       0       0       0       0
      Totals:         0       0       0       0       0       0       0       0       0
Total ram usage:        0 bytes
 Hardware stack levels used:    1
 Hardware stack levels required when called:    6
 This function calls:
		_OS_Signal
 This function is called by:
		_PICBOT_Task
 This function uses a non-reentrant model


 *************** function _SEMA_BlockOnPICBot *****************
 Defined at:
		line 43 in file "sema.c"
 Parameters:    Size  Location     Type
		None
 Auto vars:     Size  Location     Type
		None
 Return value:  Size  Location     Type
                  1    wreg      void 
 Registers used:
		wreg, fsr2l, fsr2h, status,2, status,0, cstack
 Tracked objects:
		On entry : 
		On exit  : 
		Unchanged: 
 Data sizes:     COMRAM   BANK0   BANK1   BANK2   BANK3   BANK4   BANK5   BANK6   BANK7
      Params:         0       0       0       0       0       0       0       0       0
      Locals:         0       0       0       0       0       0       0       0       0
      Temps:          0       0       0       0       0       0       0       0       0
      Totals:         0       0       0       0       0       0       0       0       0
Total ram usage:        0 bytes
 Hardware stack levels used:    1
 Hardware stack levels required when called:    6
 This function calls:
		_OS_Block
 This function is called by:
		_PICBOT_Task
 This function uses a non-reentrant model


 *************** function _PICBOT_rvs *****************
 Defined at:
		line 77 in file "PICBot.c"
 Parameters:    Size  Location     Type
		None
 Auto vars:     Size  Location     Type
		None
 Return value:  Size  Location     Type
                  1    wreg      void 
 Registers used:
		wreg, status,2, status,0, cstack
 Tracked objects:
		On entry : 
		On exit  : 
		Unchanged: 
 Data sizes:     COMRAM   BANK0   BANK1   BANK2   BANK3   BANK4   BANK5   BANK6   BANK7
      Params:         0       0       0       0       0       0       0       0       0
      Locals:         0       0       0       0       0       0       0       0       0
      Temps:          0       0       0       0       0       0       0       0       0
      Totals:         0       0       0       0       0       0       0       0       0
Total ram usage:        0 bytes
 Hardware stack levels used:    1
 Hardware stack levels required when called:    7
 This function calls:
		_Wheel_Back_Left
		_Wheel_Back_Right
		_Wheel_Front_Left
		_Wheel_Front_Right
 This function is called by:
		_PICBOT_Task
 This function uses a non-reentrant model


 *************** function _PICBOT_rgt *****************
 Defined at:
		line 94 in file "PICBot.c"
 Parameters:    Size  Location     Type
		None
 Auto vars:     Size  Location     Type
		None
 Return value:  Size  Location     Type
                  1    wreg      void 
 Registers used:
		wreg, status,2, status,0, cstack
 Tracked objects:
		On entry : 
		On exit  : 
		Unchanged: 
 Data sizes:     COMRAM   BANK0   BANK1   BANK2   BANK3   BANK4   BANK5   BANK6   BANK7
      Params:         0       0       0       0       0       0       0       0       0
      Locals:         0       0       0       0       0       0       0       0       0
      Temps:          0       0       0       0       0       0       0       0       0
      Totals:         0       0       0       0       0       0       0       0       0
Total ram usage:        0 bytes
 Hardware stack levels used:    1
 Hardware stack levels required when called:    7
 This function calls:
		_Wheel_Back_Left
		_Wheel_Back_Right
		_Wheel_Front_Left
		_Wheel_Front_Right
 This function is called by:
		_PICBOT_Task
 This function uses a non-reentrant model


 *************** function _PICBOT_lft *****************
 Defined at:
		line 86 in file "PICBot.c"
 Parameters:    Size  Location     Type
		None
 Auto vars:     Size  Location     Type
		None
 Return value:  Size  Location     Type
                  1    wreg      void 
 Registers used:
		wreg, status,2, status,0, cstack
 Tracked objects:
		On entry : 
		On exit  : 
		Unchanged: 
 Data sizes:     COMRAM   BANK0   BANK1   BANK2   BANK3   BANK4   BANK5   BANK6   BANK7
      Params:         0       0       0       0       0       0       0       0       0
      Locals:         0       0       0       0       0       0       0       0       0
      Temps:          0       0       0       0       0       0       0       0       0
      Totals:         0       0       0       0       0       0       0       0       0
Total ram usage:        0 bytes
 Hardware stack levels used:    1
 Hardware stack levels required when called:    7
 This function calls:
		_Wheel_Back_Left
		_Wheel_Back_Right
		_Wheel_Front_Left
		_Wheel_Front_Right
 This function is called by:
		_PICBOT_Task
 This function uses a non-reentrant model


 *************** function _PICBOT_fwd *****************
 Defined at:
		line 69 in file "PICBot.c"
 Parameters:    Size  Location     Type
		None
 Auto vars:     Size  Location     Type
		None
 Return value:  Size  Location     Type
                  1    wreg      void 
 Registers used:
		wreg, status,2, status,0, cstack
 Tracked objects:
		On entry : 
		On exit  : 
		Unchanged: 
 Data sizes:     COMRAM   BANK0   BANK1   BANK2   BANK3   BANK4   BANK5   BANK6   BANK7
      Params:         0       0       0       0       0       0       0       0       0
      Locals:         0       0       0       0       0       0       0       0       0
      Temps:          0       0       0       0       0       0       0       0       0
      Totals:         0       0       0       0       0       0       0       0       0
Total ram usage:        0 bytes
 Hardware stack levels used:    1
 Hardware stack levels required when called:    7
 This function calls:
		_Wheel_Back_Left
		_Wheel_Back_Right
		_Wheel_Front_Left
		_Wheel_Front_Right
 This function is called by:
		_PICBOT_Task
 This function uses a non-reentrant model


 *************** function _Fifo_Get *****************
 Defined at:
		line 35 in file "sw_fifo.c"
 Parameters:    Size  Location     Type
  datapt          2   21[BANK0 ] PTR unsigned int 
		 -> PICBOT_Task@command(2), 
 Auto vars:     Size  Location     Type
		None
 Return value:  Size  Location     Type
                  1    wreg      enum E29
 Registers used:
		wreg, fsr1l, fsr1h, fsr2l, fsr2h, status,2, status,0
 Tracked objects:
		On entry : 
		On exit  : 
		Unchanged: 
 Data sizes:     COMRAM   BANK0   BANK1   BANK2   BANK3   BANK4   BANK5   BANK6   BANK7
[...]
      Totals:         0       0       0       0       0       0       0       0       0
Total ram usage:        0 bytes
 Hardware stack levels used:    1
 Hardware stack levels required when called:    1
 This function calls:
		i2_OS_Signal
 This function is called by:
		_HighISR
 This function uses a non-reentrant model


 *************** function i2_OS_Signal *****************
 Defined at:
		line 143 in file "os.c"
 Parameters:    Size  Location     Type
  semaPt          2    0[COMRAM] PTR char 
		 -> sema_Task4(1), sema_Task3(1), sema_Task2(1), sema_clock(1), 
		 -> sema_picbot(1), sema_irdetect(1), 
 Auto vars:     Size  Location     Type
  OS_Signal       2    6[COMRAM] PTR struct tcb
		 -> tcbs(24), 
  OS_Signal       2    4[COMRAM] PTR struct tcb
		 -> NULL(0), tcbs(24), 
 Return value:  Size  Location     Type
                  1    wreg      void 
 Registers used:
		wreg, fsr2l, fsr2h, status,2, status,0
 Tracked objects:
		On entry : 
		On exit  : 
		Unchanged: 
 Data sizes:     COMRAM   BANK0   BANK1   BANK2   BANK3   BANK4   BANK5   BANK6   BANK7
      Params:         2       0       0       0       0       0       0       0       0
      Locals:         4       0       0       0       0       0       0       0       0
      Temps:          2       0       0       0       0       0       0       0       0
      Totals:         8       0       0       0       0       0       0       0       0
Total ram usage:        8 bytes
 Hardware stack levels used:    1
 This function calls:
		Nothing
 This function is called by:
		_SEMA_SetIRdetect
 This function uses a non-reentrant model


 *************** function _LED_On *****************
 Defined at:
		line 11 in file "led.c"
 Parameters:    Size  Location     Type
		None
 Auto vars:     Size  Location     Type
		None
 Return value:  Size  Location     Type
                  1    wreg      void 
 Registers used:
		None
 Tracked objects:
		On entry : 
		On exit  : 
		Unchanged: 
 Data sizes:     COMRAM   BANK0   BANK1   BANK2   BANK3   BANK4   BANK5   BANK6   BANK7
      Params:         0       0       0       0       0       0       0       0       0
      Locals:         0       0       0       0       0       0       0       0       0
      Temps:          0       0       0       0       0       0       0       0       0
      Totals:         0       0       0       0       0       0       0       0       0
Total ram usage:        0 bytes
 Hardware stack levels used:    1
 This function calls:
		Nothing
 This function is called by:
		_HighISR
 This function uses a non-reentrant model


 *************** function _LED_Off *****************
 Defined at:
		line 16 in file "led.c"
 Parameters:    Size  Location     Type
		None
 Auto vars:     Size  Location     Type
		None
 Return value:  Size  Location     Type
                  1    wreg      void 
 Registers used:
		None
 Tracked objects:
		On entry : 
		On exit  : 
		Unchanged: 
 Data sizes:     COMRAM   BANK0   BANK1   BANK2   BANK3   BANK4   BANK5   BANK6   BANK7
      Params:         0       0       0       0       0       0       0       0       0
      Locals:         0       0       0       0       0       0       0       0       0
      Temps:          0       0       0       0       0       0       0       0       0
      Totals:         0       0       0       0       0       0       0       0       0
Total ram usage:        0 bytes
 Hardware stack levels used:    1
 This function calls:
		Nothing
 This function is called by:
		_HighISR
 This function uses a non-reentrant model


 *************** function _IR_handle *****************
 Defined at:
		line 118 in file "irdetect.c"
 Parameters:    Size  Location     Type
		None
 Auto vars:     Size  Location     Type
		None
 Return value:  Size  Location     Type
                  2    0[COMRAM] PTR struct .
 Registers used:
		wreg, status,2, status,0
 Tracked objects:
		On entry : 
		On exit  : 
		Unchanged: 
 Data sizes:     COMRAM   BANK0   BANK1   BANK2   BANK3   BANK4   BANK5   BANK6   BANK7
      Params:         2       0       0       0       0       0       0       0       0
      Locals:         0       0       0       0       0       0       0       0       0
      Temps:          0       0       0       0       0       0       0       0       0
      Totals:         2       0       0       0       0       0       0       0       0
Total ram usage:        2 bytes
 Hardware stack levels used:    1
 This function calls:
		Nothing
 This function is called by:
		_HighISR
 This function uses a non-reentrant model


 *************** function _INT0_RisingEdge *****************
 Defined at:
		line 22 in file "mcu_int0.c"
 Parameters:    Size  Location     Type
		None
 Auto vars:     Size  Location     Type
		None
 Return value:  Size  Location     Type
                  1    wreg      void 
 Registers used:
		None
 Tracked objects:
		On entry : 
		On exit  : 
		Unchanged: 
 Data sizes:     COMRAM   BANK0   BANK1   BANK2   BANK3   BANK4   BANK5   BANK6   BANK7
      Params:         0       0       0       0       0       0       0       0       0
      Locals:         0       0       0       0       0       0       0       0       0
      Temps:          0       0       0       0       0       0       0       0       0
      Totals:         0       0       0       0       0       0       0       0       0
Total ram usage:        0 bytes
 Hardware stack levels used:    1
 This function calls:
		Nothing
 This function is called by:
		_HighISR
 This function uses a non-reentrant model


 *************** function _CLOCK_Time_Tick *****************
 Defined at:
		line 69 in file "clock.c"
 Parameters:    Size  Location     Type
		None
 Auto vars:     Size  Location     Type
  tick_time       2   10[COMRAM] unsigned int 
 Return value:  Size  Location     Type
                  2    8[COMRAM] unsigned int 
 Registers used:
		wreg, status,2, status,0, cstack
 Tracked objects:
		On entry : 
		On exit  : 
		Unchanged: 
 Data sizes:     COMRAM   BANK0   BANK1   BANK2   BANK3   BANK4   BANK5   BANK6   BANK7
      Params:         2       0       0       0       0       0       0       0       0
      Locals:         2       0       0       0       0       0       0       0       0
      Temps:          0       0       0       0       0       0       0       0       0
      Totals:         4       0       0       0       0       0       0       0       0
Total ram usage:        4 bytes
 Hardware stack levels used:    1
 Hardware stack levels required when called:    2
 This function calls:
		_CLOCK_Disable
		_CLOCK_Reload
		i2_CLOCK_Enable
		i2_CLOCK_ReadTimer
 This function is called by:
		_HighISR
 This function uses a non-reentrant model


 *************** function i2_CLOCK_ReadTimer *****************
 Defined at:
		line 58 in file "clock.c"
 Parameters:    Size  Location     Type
		None
 Auto vars:     Size  Location     Type
		None
 Return value:  Size  Location     Type
                  2    6[COMRAM] unsigned int 
 Registers used:
		wreg, status,2, status,0, cstack
 Tracked objects:
		On entry : 
		On exit  : 
		Unchanged: 
 Data sizes:     COMRAM   BANK0   BANK1   BANK2   BANK3   BANK4   BANK5   BANK6   BANK7
      Params:         2       0       0       0       0       0       0       0       0
      Locals:         0       0       0       0       0       0       0       0       0
      Temps:          0       0       0       0       0       0       0       0       0
      Totals:         2       0       0       0       0       0       0       0       0
Total ram usage:        2 bytes
 Hardware stack levels used:    1
 Hardware stack levels required when called:    1
 This function calls:
		i2_TMR0_ReadTimer
 This function is called by:
		_CLOCK_Time_Tick
 This function uses a non-reentrant model


 *************** function i2_TMR0_ReadTimer *****************
 Defined at:
		line 42 in file "mcu_tmr0.c"
 Parameters:    Size  Location     Type
		None
 Auto vars:     Size  Location     Type
  TMR0_ReadTim    2    4[COMRAM] unsigned int 
 Return value:  Size  Location     Type
                  2    0[COMRAM] unsigned int 
 Registers used:
		wreg, status,2, status,0
 Tracked objects:
		On entry : 
		On exit  : 
		Unchanged: 
 Data sizes:     COMRAM   BANK0   BANK1   BANK2   BANK3   BANK4   BANK5   BANK6   BANK7
      Params:         2       0       0       0       0       0       0       0       0
      Locals:         2       0       0       0       0       0       0       0       0
      Temps:          2       0       0       0       0       0       0       0       0
      Totals:         6       0       0       0       0       0       0       0       0
Total ram usage:        6 bytes
 Hardware stack levels used:    1
 This function calls:
		Nothing
 This function is called by:
		i2_CLOCK_ReadTimer
 This function uses a non-reentrant model


 *************** function i2_CLOCK_Enable *****************
 Defined at:
		line 42 in file "clock.c"
 Parameters:    Size  Location     Type
		None
 Auto vars:     Size  Location     Type
		None
 Return value:  Size  Location     Type
                  1    wreg      void 
 Registers used:
		cstack
 Tracked objects:
		On entry : 
		On exit  : 
		Unchanged: 
 Data sizes:     COMRAM   BANK0   BANK1   BANK2   BANK3   BANK4   BANK5   BANK6   BANK7
      Params:         0       0       0       0       0       0       0       0       0
      Locals:         0       0       0       0       0       0       0       0       0
      Temps:          0       0       0       0       0       0       0       0       0
      Totals:         0       0       0       0       0       0       0       0       0
Total ram usage:        0 bytes
 Hardware stack levels used:    1
 Hardware stack levels required when called:    1
 This function calls:
		i2_TMR0_Enable
 This function is called by:
		_CLOCK_Time_Tick
 This function uses a non-reentrant model


 *************** function i2_TMR0_Enable *****************
 Defined at:
		line 30 in file "mcu_tmr0.c"
 Parameters:    Size  Location     Type
		None
 Auto vars:     Size  Location     Type
		None
 Return value:  Size  Location     Type
                  1    wreg      void 
 Registers used:
		None
 Tracked objects:
		On entry : 
		On exit  : 
		Unchanged: 
 Data sizes:     COMRAM   BANK0   BANK1   BANK2   BANK3   BANK4   BANK5   BANK6   BANK7
      Params:         0       0       0       0       0       0       0       0       0
      Locals:         0       0       0       0       0       0       0       0       0
      Temps:          0       0       0       0       0       0       0       0       0
      Totals:         0       0       0       0       0       0       0       0       0
Total ram usage:        0 bytes
 Hardware stack levels used:    1
 This function calls:
		Nothing
 This function is called by:
		i2_CLOCK_Enable
 This function uses a non-reentrant model


 *************** function _CLOCK_Reload *****************
 Defined at:
		line 52 in file "clock.c"
 Parameters:    Size  Location     Type
		None
 Auto vars:     Size  Location     Type
		None
 Return value:  Size  Location     Type
                  1    wreg      void 
 Registers used:
		wreg, status,2, cstack
 Tracked objects:
		On entry : 
		On exit  : 
		Unchanged: 
 Data sizes:     COMRAM   BANK0   BANK1   BANK2   BANK3   BANK4   BANK5   BANK6   BANK7
      Params:         0       0       0       0       0       0       0       0       0
      Locals:         0       0       0       0       0       0       0       0       0
      Temps:          0       0       0       0       0       0       0       0       0
      Totals:         0       0       0       0       0       0       0       0       0
Total ram usage:        0 bytes
 Hardware stack levels used:    1
 Hardware stack levels required when called:    1
 This function calls:
		_TMR0_Reload
 This function is called by:
		_CLOCK_Time_Tick
		_CLOCK_Time_100us
 This function uses a non-reentrant model


 *************** function _TMR0_Reload *****************
 Defined at:
		line 53 in file "mcu_tmr0.c"
 Parameters:    Size  Location     Type
		None
 Auto vars:     Size  Location     Type
		None
 Return value:  Size  Location     Type
                  1    wreg      void 
 Registers used:
		wreg, status,2
 Tracked objects:
		On entry : 
		On exit  : 
		Unchanged: 
 Data sizes:     COMRAM   BANK0   BANK1   BANK2   BANK3   BANK4   BANK5   BANK6   BANK7
      Params:         0       0       0       0       0       0       0       0       0
      Locals:         0       0       0       0       0       0       0       0       0
      Temps:          0       0       0       0       0       0       0       0       0
      Totals:         0       0       0       0       0       0       0       0       0
Total ram usage:        0 bytes
 Hardware stack levels used:    1
 This function calls:
		Nothing
 This function is called by:
		_CLOCK_Reload
 This function uses a non-reentrant model


 *************** function _CLOCK_Disable *****************
 Defined at:
		line 47 in file "clock.c"
 Parameters:    Size  Location     Type
		None
 Auto vars:     Size  Location     Type
		None
 Return value:  Size  Location     Type
                  1    wreg      void 
 Registers used:
		cstack
 Tracked objects:
		On entry : 
		On exit  : 
		Unchanged: 
 Data sizes:     COMRAM   BANK0   BANK1   BANK2   BANK3   BANK4   BANK5   BANK6   BANK7
      Params:         0       0       0       0       0       0       0       0       0
      Locals:         0       0       0       0       0       0       0       0       0
      Temps:          0       0       0       0       0       0       0       0       0
      Totals:         0       0       0       0       0       0       0       0       0
Total ram usage:        0 bytes
 Hardware stack levels used:    1
 Hardware stack levels required when called:    1
 This function calls:
		_TMR0_Disable
 This function is called by:
		_CLOCK_Time_Tick
		_CLOCK_Time_100us
 This function uses a non-reentrant model


 *************** function _TMR0_Disable *****************
 Defined at:
		line 36 in file "mcu_tmr0.c"
 Parameters:    Size  Location     Type
		None
 Auto vars:     Size  Location     Type
		None
 Return value:  Size  Location     Type
                  1    wreg      void 
 Registers used:
		None
 Tracked objects:
		On entry : 
		On exit  : 
		Unchanged: 
 Data sizes:     COMRAM   BANK0   BANK1   BANK2   BANK3   BANK4   BANK5   BANK6   BANK7
      Params:         0       0       0       0       0       0       0       0       0
      Locals:         0       0       0       0       0       0       0       0       0
      Temps:          0       0       0       0       0       0       0       0       0
      Totals:         0       0       0       0       0       0       0       0       0
Total ram usage:        0 bytes
 Hardware stack levels used:    1
 This function calls:
		Nothing
 This function is called by:
		_CLOCK_Disable
 This function uses a non-reentrant model



MODULE INFORMATION

Module		Function		Class		Link	Load	Size
sw_fifo.c
		_Fifo_Init     		CODE           	0F18	0000	77
		_Fifo_Get      		CODE           	1074	0000	63
		_Fifo_Put      		CODE           	0D2C	0000	93

sw_fifo.c estimated size: 233

PICBot.c
		_PICBOT_fwd    		CODE           	12AE	0000	27
		_PICBOT_lft    		CODE           	1294	0000	27
		_PICBOT_rgt    		CODE           	127A	0000	27
		_PICBOT_rvs    		CODE           	1260	0000	27
		_PICBOT_Task   		CODE           	09D4	0000	187
		_PICBOT_Stop   		CODE           	12C8	0000	27

PICBot.c estimated size: 322

clock.c
		_CLOCK_Disable 		CODE           	147C	0000	7
		_CLOCK_ReadTimer		CODE           	13EE	0000	15
		_CLOCK_Time_Tick		CODE           	116C	0000	37
		_CLOCK_Reload  		CODE           	1476	0000	7
		_CLOCK_Enable  		CODE           	146A	0000	7
		_CLOCK_Task    		CODE           	0E2C	0000	81

clock.c estimated size: 154

mcu_int0.c
		_INT0_Enable   		CODE           	1450	0000	9
		_INT0_Init     		CODE           	1432	0000	11
		_INT0_FallingEdge		CODE           	1482	0000	5
		_INT0_RisingEdge		CODE           	1496	0000	5

mcu_int0.c estimated size: 30

debug.c
		_DEBUG_Pin0Enable		CODE           	1464	0000	7
		_DEBUG_Pin0Toggle		CODE           	1228	0000	29

debug.c estimated size: 36

sema.c
		_SEMA_WaitForTask4		CODE           	11F0	0000	29
		_SEMA_BlockOnPICBot		CODE           	133E	0000	17
		_SEMA_BlockOnIRdetect		CODE           	136E	0000	17
		_SEMA_WaitForClock		CODE           	1244	0000	29
		_SEMA_WaitForPICBot		CODE           	120C	0000	29
		_SEMA_SetClock 		CODE           	132E	0000	17
		_SEMA_SetIRdetect		CODE           	140A	0000	15
		_SEMA_SetPICBot		CODE           	135E	0000	17

sema.c estimated size: 170

wheel4d.c
		_Wheel_Front_Right		CODE           	0F64	0000	69
		_Wheel_Back_Right		CODE           	0FEC	0000	69
		_Motor_Right_A_1A		CODE           	13C4	0000	15
		_Motor_Right_B_1A		CODE           	138C	0000	15
		_Motor_Right_A_1B		CODE           	13B6	0000	15
		_Motor_Right_B_1B		CODE           	137E	0000	15
		_Wheel_Back_Left		CODE           	1030	0000	69
		_Motor_Left_A_1A		CODE           	13A8	0000	15
		_Motor_Left_B_1A		CODE           	13E0	0000	15
		_Motor_Left_A_1B		CODE           	139A	0000	15
		_Motor_Left_B_1B		CODE           	13D2	0000	15
		_Wheel_Init    		CODE           	12F8	0000	19
		_Wheel_Front_Left		CODE           	0FA8	0000	69

wheel4d.c estimated size: 415

mcu_tmr0.c
		_TMR0_Enable   		CODE           	1486	0000	5
		_TMR0_Disable  		CODE           	149E	0000	5
		_TMR0_Reload   		CODE           	1446	0000	11
		_TMR0_Init     		CODE           	10EA	0000	55
		_TMR0_ReadTimer		CODE           	11B0	0000	33

mcu_tmr0.c estimated size: 109

irdetect.c
		_ir_terminate  		CODE           	131C	0000	19
		_ir_bitcollect 		CODE           	0E7C	0000	81
		_ir_Begin      		CODE           	134E	0000	17
		_ir_end        		CODE           	14A2	0000	3
		_IR_Task       		CODE           	0904	0000	209
		_IR_Init       		CODE           	13FC	0000	15
		_IR_handle     		CODE           	143C	0000	11

irdetect.c estimated size: 355

mcu_ports.c
		_PORTS_Init    		CODE           	1120	0000	41

mcu_ports.c estimated size: 41

isr.c
		_LowISR        		CODE           	0018	0000	175
		_HighISR       		CODE           	0008	0000	241

isr.c estimated size: 416

shared
		i2_TMR0_Enable 		CODE           	149A	0000	5
		i2_TMR0_ReadTimer		CODE           	11D0	0000	33
		_IRSTATEMACHINE		SMALLCONST     	0801	0000	25
		i2_INT0_FallingEdge		CODE           	148A	0000	5
		i2_OS_Signal   		CODE           	0BC0	0000	153
		__initialization		CODE           	10B2	0000	43
		i2_CLOCK_Enable		CODE           	1470	0000	7
		i2_CLOCK_ReadTimer		CODE           	1418	0000	15

shared estimated size: 286

mcu_interrupt.c
		_INTERRUPT_Init		CODE           	0CC4	0000	105
		_INTERRUPT_Enable		CODE           	145E	0000	7

mcu_interrupt.c estimated size: 112

os.c
		_OS_Signal     		CODE           	0B28	0000	153
		_OS_Scheduler  		CODE           	0A8E	0000	155
		_OS_Block      		CODE           	1148	0000	37
		_OS_Wait       		CODE           	0ECC	0000	77
		_OS_AddThreads 		CODE           	0C58	0000	109
		_OS_Launch     		CODE           	1190	0000	33

os.c estimated size: 564

C:\Program Files (x86)\Microchip\xc8\v1.45\sources\common\lwdiv.c
		___lwdiv       		CODE           	0D88	0000	85

C:\Program Files (x86)\Microchip\xc8\v1.45\sources\common\lwdiv.c estimated size: 85

mcu_config.c
		_CONFIG_mcu    		CODE           	12E2	0000	23

mcu_config.c estimated size: 23

mcu_oscillator.c
		_OSCILLATOR_Init		CODE           	1426	0000	13

mcu_oscillator.c estimated size: 13

main.c
		_main          		CODE           	0DDC	0000	81
		_task4         		CODE           	130A	0000	19

main.c estimated size: 100

led.c
		_LED_Off       		CODE           	1492	0000	5
		_LED_On        		CODE           	148E	0000	5
		_LED_Enable    		CODE           	1458	0000	7

led.c estimated size: 17

